// Jest Snapshot v1, https://goo.gl/fbAQLP

exports[`renderWhenReady should render a HTML once resolved 1`] = `
"<html>
<body>
  Rendered with:&nbsp;
  <code>[
    {
      \\"route\\": \\"/new\\",
      \\"language\\": \\"en-us\\"
    }
  ]</code>
</body>
</html>"
`;
